// Jest Snapshot v1, https://goo.gl/fbAQLP

exports[`snapshot 1`] = `
.c0 {
  margin-bottom: 30px;
}

<section
  className="c0"
/>
`;
