// Jest Snapshot v1, https://goo.gl/fbAQLP

exports[`snapshot 1`] = `
<div>
  <h2
    className="sc-bdVaJa irPHUE"
  >
    product highlights
  </h2>
</div>
`;
