// Jest Snapshot v1, https://goo.gl/fbAQLP

exports[`snapshot 1`] = `
<div>
  <hr
    className="sc-bdVaJa htMPpU"
  />
  <hr
    className="sc-bdVaJa htMPpU"
  />
</div>
`;
