// Jest Snapshot v1, https://goo.gl/fbAQLP

exports[`snapshot 1`] = `
.c0 {
  margin: 20px 0 20px 0;
  font-family: Helvetica,sans-serif;
  font-size: 36px;
  font-weight: 400;
  line-height: 50px;
  color: #333;
}

<div>
  <h2
    className="c0"
  >
    product highlights
  </h2>
</div>
`;
